
  bytes   pages size description
--------- ----- ---- --------------------------------------------
  1662976   203 8192 allocating memory for b-tree...
  4120576   503 8192 allocating memory for virtual array...
   262144    32 8192 allocating memory for name pointers...
-----------------------------------------------------------------
  6045696            total memory allocated


LoadLibrary(D:\Dev\Crack\IDA\procs\mc6864.dll) error: The specified module could not be found.
Loading processor module D:\Dev\Crack\IDA\procs\pc.dll for metapc...OK
Loading type libraries...
Autoanalysis subsystem has been initialized.
Database for file 'Z.DAT' has been loaded.
Hex-Rays Decompiler plugin has been loaded (v9.2.0.250908)
  The hotkeys are F5: decompile, Ctrl-F5: decompile all.

  Please check the Edit/Plugins menu for more information.
Hex-rays version 9.2.0.250908 has been detected, gooMBA plugin ready to use
20D35: restored microcode from idb
20D35: restored pseudocode from idb
20FAF: restored microcode from idb
20FAF: restored pseudocode from idb
212C0: restored microcode from idb
212C0: restored pseudocode from idb
2399E: restored microcode from idb
2399E: restored pseudocode from idb
23AA6: restored microcode from idb
23AA6: restored pseudocode from idb
23B3E: restored microcode from idb
23B3E: restored pseudocode from idb
23C98: restored microcode from idb
23C98: restored pseudocode from idb
23F28: restored microcode from idb
23F28: restored pseudocode from idb
247DD: restored microcode from idb
247DD: restored pseudocode from idb
24C23: restored microcode from idb
24C23: restored pseudocode from idb
24F8C: restored microcode from idb
24F8C: restored pseudocode from idb
2558B: restored microcode from idb
2558B: restored pseudocode from idb
25AB7: restored microcode from idb
25AB7: restored pseudocode from idb
26208: restored microcode from idb
26208: restored pseudocode from idb
265AB: restored microcode from idb
265AB: restored pseudocode from idb
26B5E: restored microcode from idb
26B5E: restored pseudocode from idb
27A26: restored microcode from idb
27A26: restored pseudocode from idb
28E40: restored microcode from idb
28E40: restored pseudocode from idb
2DBF4: restored microcode from idb
2DBF4: restored pseudocode from idb
2E337: restored microcode from idb
2E337: restored pseudocode from idb
2E659: restored microcode from idb
2E659: restored pseudocode from idb
2F721: restored microcode from idb
2F721: restored pseudocode from idb
30A5A: restored microcode from idb
30A5A: restored pseudocode from idb
30C3D: restored microcode from idb
30C3D: restored pseudocode from idb
31C75: restored microcode from idb
31C75: restored pseudocode from idb
31DA0: restored microcode from idb
31DA0: restored pseudocode from idb
3859E: restored microcode from idb
3859E: restored pseudocode from idb
3CDFF: restored microcode from idb
3CDFF: restored pseudocode from idb
3CF45: restored microcode from idb
3CF45: restored pseudocode from idb
3D6E0: restored microcode from idb
3D6E0: restored pseudocode from idb
3DD66: restored microcode from idb
3DD66: restored pseudocode from idb
3E1B2: restored microcode from idb
3E1B2: restored pseudocode from idb
3E2E2: restored microcode from idb
3E2E2: restored pseudocode from idb
3F234: restored microcode from idb
3F234: restored pseudocode from idb
44A44: restored microcode from idb
44A44: restored pseudocode from idb
48814: restored microcode from idb
48814: restored pseudocode from idb
48E94: restored microcode from idb
48E94: restored pseudocode from idb
4B584: restored microcode from idb
4B584: restored pseudocode from idb
4BC7C: restored microcode from idb
4BC7C: restored pseudocode from idb
OPENLEGEND_IDA_TARGET_REPORT=E:\Game\金庸群侠传\OpenLegend\research\ida\reports\Z_DAT.targets.txt
OPENLEGEND_IDA_TARGET_COUNT=51
Flushing buffers, please wait...ok
Unloading IDP module D:\Dev\Crack\IDA\procs\pc.dll...