
  bytes   pages size description
--------- ----- ---- --------------------------------------------
  2326528   284 8192 allocating memory for b-tree...
  4120576   503 8192 allocating memory for virtual array...
   262144    32 8192 allocating memory for name pointers...
-----------------------------------------------------------------
  6709248            total memory allocated


LoadLibrary(D:\Dev\Crack\IDA\procs\mc6864.dll) error: The specified module could not be found.
Loading processor module D:\Dev\Crack\IDA\procs\pc.dll for metapc...OK
Loading type libraries...
Autoanalysis subsystem has been initialized.
Database for file 'Z.DAT' has been loaded.
Hex-Rays Decompiler plugin has been loaded (v9.2.0.250908)
  The hotkeys are F5: decompile, Ctrl-F5: decompile all.

  Please check the Edit/Plugins menu for more information.
Hex-rays version 9.2.0.250908 has been detected, gooMBA plugin ready to use
20D35: restored microcode from idb
20D35: restored pseudocode from idb
28E40: restored microcode from idb
28E40: restored pseudocode from idb
2CC21: restored microcode from idb
2CC21: restored pseudocode from idb
2DBF4: restored microcode from idb
2DBF4: restored pseudocode from idb
2E337: restored microcode from idb
2E337: restored pseudocode from idb
2E659: restored microcode from idb
2E659: restored pseudocode from idb
2EB49: restored microcode from idb
2EB49: restored pseudocode from idb
2F053: restored microcode from idb
2F053: restored pseudocode from idb
2F721: restored microcode from idb
2F721: restored pseudocode from idb
2F9F2: restored microcode from idb
2F9F2: restored pseudocode from idb
301D1: restored microcode from idb
301D1: restored pseudocode from idb
30A5A: restored microcode from idb
30A5A: restored pseudocode from idb
30B81: restored microcode from idb
30B81: restored pseudocode from idb
30C3D: restored microcode from idb
30C3D: restored pseudocode from idb
312A6: restored microcode from idb
312A6: restored pseudocode from idb
31C75: restored microcode from idb
31C75: restored pseudocode from idb
3D612: restored microcode from idb
3D612: restored pseudocode from idb
3D643: restored microcode from idb
3D643: restored pseudocode from idb
OPENLEGEND_IDA_B7_REPORT=E:\Game\金庸群~1\OPENLE~1\research\ida\reports\Z_DAT.b7_scene_xrefs.txt
Flushing buffers, please wait...ok
Unloading IDP module D:\Dev\Crack\IDA\procs\pc.dll...
  bytes   pages size description
--------- ----- ---- --------------------------------------------
  2326528   284 8192 allocating memory for b-tree...
  4120576   503 8192 allocating memory for virtual array...
   262144    32 8192 allocating memory for name pointers...
-----------------------------------------------------------------
  6709248            total memory allocated


LoadLibrary(D:\Dev\Crack\IDA\procs\mc6864.dll) error: The specified module could not be found.
Loading processor module D:\Dev\Crack\IDA\procs\pc.dll for metapc...OK
Loading type libraries...
Autoanalysis subsystem has been initialized.
Database for file 'Z.DAT' has been loaded.
Hex-Rays Decompiler plugin has been loaded (v9.2.0.250908)
  The hotkeys are F5: decompile, Ctrl-F5: decompile all.

  Please check the Edit/Plugins menu for more information.
Hex-rays version 9.2.0.250908 has been detected, gooMBA plugin ready to use
20D35: restored microcode from idb
20D35: restored pseudocode from idb
28E40: restored microcode from idb
28E40: restored pseudocode from idb
2CC21: restored microcode from idb
2CC21: restored pseudocode from idb
2DBF4: restored microcode from idb
2DBF4: restored pseudocode from idb
2E337: restored microcode from idb
2E337: restored pseudocode from idb
2E659: restored microcode from idb
2E659: restored pseudocode from idb
2EB49: restored microcode from idb
2EB49: restored pseudocode from idb
2F053: restored microcode from idb
2F053: restored pseudocode from idb
2F721: restored microcode from idb
2F721: restored pseudocode from idb
2F9F2: restored microcode from idb
2F9F2: restored pseudocode from idb
301D1: restored microcode from idb
301D1: restored pseudocode from idb
30A5A: restored microcode from idb
30A5A: restored pseudocode from idb
30B81: restored microcode from idb
30B81: restored pseudocode from idb
30C3D: restored microcode from idb
30C3D: restored pseudocode from idb
312A6: restored microcode from idb
312A6: restored pseudocode from idb
31C75: restored microcode from idb
31C75: restored pseudocode from idb
3D612: restored microcode from idb
3D612: restored pseudocode from idb
3D643: restored microcode from idb
3D643: restored pseudocode from idb
OPENLEGEND_IDA_B7_REPORT=E:\Game\金庸群~1\OPENLE~1\research\ida\reports\Z_DAT.b7_scene_xrefs.txt
Flushing buffers, please wait...ok
Unloading IDP module D:\Dev\Crack\IDA\procs\pc.dll...