
  bytes   pages size description
--------- ----- ---- --------------------------------------------
  1712128   209 8192 allocating memory for b-tree...
  4120576   503 8192 allocating memory for virtual array...
   262144    32 8192 allocating memory for name pointers...
-----------------------------------------------------------------
  6094848            total memory allocated


LoadLibrary(D:\Dev\Crack\IDA\procs\mc6864.dll) error: The specified module could not be found.
Loading processor module D:\Dev\Crack\IDA\procs\pc.dll for metapc...OK
Loading type libraries...
Autoanalysis subsystem has been initialized.
Database for file 'Z.DAT' has been loaded.
Hex-Rays Decompiler plugin has been loaded (v9.2.0.250908)
  The hotkeys are F5: decompile, Ctrl-F5: decompile all.

  Please check the Edit/Plugins menu for more information.
Hex-rays version 9.2.0.250908 has been detected, gooMBA plugin ready to use
20C32: restored microcode from idb
20C32: restored pseudocode from idb
20D35: restored microcode from idb
20D35: restored pseudocode from idb
20FAF: restored microcode from idb
20FAF: restored pseudocode from idb
212C0: restored microcode from idb
212C0: restored pseudocode from idb
26B5E: restored microcode from idb
26B5E: restored pseudocode from idb
27A26: restored microcode from idb
27A26: restored pseudocode from idb
28E40: restored microcode from idb
28E40: restored pseudocode from idb
2E659: restored microcode from idb
2E659: restored pseudocode from idb
3DB83: restored microcode from idb
3DB83: restored pseudocode from idb
OPENLEGEND_IDA_INPUT_FONT_REPORT=E:\Game\金庸群侠传\OpenLegend\research\ida\reports\Z_DAT.input_font_xrefs.txt
OPENLEGEND_IDA_INPUT_FONT_FUNCTIONS=39
Flushing buffers, please wait...ok
Unloading IDP module D:\Dev\Crack\IDA\procs\pc.dll...