
  bytes   pages size description
--------- ----- ---- --------------------------------------------
  2326528   284 8192 allocating memory for b-tree...
  4120576   503 8192 allocating memory for virtual array...
   262144    32 8192 allocating memory for name pointers...
-----------------------------------------------------------------
  6709248            total memory allocated


LoadLibrary(D:\Dev\Crack\IDA\procs\mc6864.dll) error: The specified module could not be found.
Loading processor module D:\Dev\Crack\IDA\procs\pc.dll for metapc...OK
Loading type libraries...
Autoanalysis subsystem has been initialized.
Database for file 'Z.DAT' has been loaded.
Hex-Rays Decompiler plugin has been loaded (v9.2.0.250908)
  The hotkeys are F5: decompile, Ctrl-F5: decompile all.

  Please check the Edit/Plugins menu for more information.
Hex-rays version 9.2.0.250908 has been detected, gooMBA plugin ready to use
OPENLEGEND_IDA_B6_REPORT=E:\Game\金庸群~1\OPENLE~1\research\ida\reports\Z_DAT.b6_world_xrefs.txt
Flushing buffers, please wait...ok
Unloading IDP module D:\Dev\Crack\IDA\procs\pc.dll...
  bytes   pages size description
--------- ----- ---- --------------------------------------------
  2326528   284 8192 allocating memory for b-tree...
  4120576   503 8192 allocating memory for virtual array...
   262144    32 8192 allocating memory for name pointers...
-----------------------------------------------------------------
  6709248            total memory allocated


LoadLibrary(D:\Dev\Crack\IDA\procs\mc6864.dll) error: The specified module could not be found.
Loading processor module D:\Dev\Crack\IDA\procs\pc.dll for metapc...OK
Loading type libraries...
Autoanalysis subsystem has been initialized.
Database for file 'Z.DAT' has been loaded.
Hex-Rays Decompiler plugin has been loaded (v9.2.0.250908)
  The hotkeys are F5: decompile, Ctrl-F5: decompile all.

  Please check the Edit/Plugins menu for more information.
Hex-rays version 9.2.0.250908 has been detected, gooMBA plugin ready to use
20D35: restored microcode from idb
20D35: restored pseudocode from idb
2399E: restored microcode from idb
2399E: restored pseudocode from idb
23AA6: restored microcode from idb
23AA6: restored pseudocode from idb
23B3E: restored microcode from idb
23B3E: restored pseudocode from idb
23C98: restored microcode from idb
23C98: restored pseudocode from idb
23F28: restored microcode from idb
23F28: restored pseudocode from idb
247DD: restored microcode from idb
247DD: restored pseudocode from idb
24C23: restored microcode from idb
24C23: restored pseudocode from idb
24F8C: restored microcode from idb
24F8C: restored pseudocode from idb
2558B: restored microcode from idb
2558B: restored pseudocode from idb
3D612: restored microcode from idb
3D612: restored pseudocode from idb
3D643: restored microcode from idb
3D643: restored pseudocode from idb
OPENLEGEND_IDA_B6_REPORT=E:\Game\金庸群~1\OPENLE~1\research\ida\reports\Z_DAT.b6_world_xrefs.txt
Flushing buffers, please wait...ok
Unloading IDP module D:\Dev\Crack\IDA\procs\pc.dll...
  bytes   pages size description
--------- ----- ---- --------------------------------------------
  2326528   284 8192 allocating memory for b-tree...
  4120576   503 8192 allocating memory for virtual array...
   262144    32 8192 allocating memory for name pointers...
-----------------------------------------------------------------
  6709248            total memory allocated


LoadLibrary(D:\Dev\Crack\IDA\procs\mc6864.dll) error: The specified module could not be found.
Loading processor module D:\Dev\Crack\IDA\procs\pc.dll for metapc...OK
Loading type libraries...
Autoanalysis subsystem has been initialized.
Database for file 'Z.DAT' has been loaded.
Hex-Rays Decompiler plugin has been loaded (v9.2.0.250908)
  The hotkeys are F5: decompile, Ctrl-F5: decompile all.

  Please check the Edit/Plugins menu for more information.
Hex-rays version 9.2.0.250908 has been detected, gooMBA plugin ready to use
20D35: restored microcode from idb
20D35: restored pseudocode from idb
2399E: restored microcode from idb
2399E: restored pseudocode from idb
23AA6: restored microcode from idb
23AA6: restored pseudocode from idb
23B3E: restored microcode from idb
23B3E: restored pseudocode from idb
23C98: restored microcode from idb
23C98: restored pseudocode from idb
23F28: restored microcode from idb
23F28: restored pseudocode from idb
247DD: restored microcode from idb
247DD: restored pseudocode from idb
24C23: restored microcode from idb
24C23: restored pseudocode from idb
24F8C: restored microcode from idb
24F8C: restored pseudocode from idb
2558B: restored microcode from idb
2558B: restored pseudocode from idb
3D612: restored microcode from idb
3D612: restored pseudocode from idb
3D643: restored microcode from idb
3D643: restored pseudocode from idb
OPENLEGEND_IDA_B6_REPORT=E:\Game\金庸群~1\OPENLE~1\research\ida\reports\Z_DAT.b6_world_xrefs.txt
Flushing buffers, please wait...ok
Unloading IDP module D:\Dev\Crack\IDA\procs\pc.dll...
  bytes   pages size description
--------- ----- ---- --------------------------------------------
  2326528   284 8192 allocating memory for b-tree...
  4120576   503 8192 allocating memory for virtual array...
   262144    32 8192 allocating memory for name pointers...
-----------------------------------------------------------------
  6709248            total memory allocated


LoadLibrary(D:\Dev\Crack\IDA\procs\mc6864.dll) error: The specified module could not be found.
Loading processor module D:\Dev\Crack\IDA\procs\pc.dll for metapc...OK
Loading type libraries...
Autoanalysis subsystem has been initialized.
Database for file 'Z.DAT' has been loaded.
Hex-Rays Decompiler plugin has been loaded (v9.2.0.250908)
  The hotkeys are F5: decompile, Ctrl-F5: decompile all.

  Please check the Edit/Plugins menu for more information.
Hex-rays version 9.2.0.250908 has been detected, gooMBA plugin ready to use
20D35: restored microcode from idb
20D35: restored pseudocode from idb
2399E: restored microcode from idb
2399E: restored pseudocode from idb
23AA6: restored microcode from idb
23AA6: restored pseudocode from idb
23B3E: restored microcode from idb
23B3E: restored pseudocode from idb
23C98: restored microcode from idb
23C98: restored pseudocode from idb
23F28: restored microcode from idb
23F28: restored pseudocode from idb
247DD: restored microcode from idb
247DD: restored pseudocode from idb
24C23: restored microcode from idb
24C23: restored pseudocode from idb
24F8C: restored microcode from idb
24F8C: restored pseudocode from idb
2558B: restored microcode from idb
2558B: restored pseudocode from idb
3D612: restored microcode from idb
3D612: restored pseudocode from idb
3D643: restored microcode from idb
3D643: restored pseudocode from idb
OPENLEGEND_IDA_B6_REPORT=E:\Game\金庸群~1\OPENLE~1\research\ida\reports\Z_DAT.b6_world_xrefs.txt
Flushing buffers, please wait...ok
Unloading IDP module D:\Dev\Crack\IDA\procs\pc.dll...
  bytes   pages size description
--------- ----- ---- --------------------------------------------
  2326528   284 8192 allocating memory for b-tree...
  4120576   503 8192 allocating memory for virtual array...
   262144    32 8192 allocating memory for name pointers...
-----------------------------------------------------------------
  6709248            total memory allocated


LoadLibrary(D:\Dev\Crack\IDA\procs\mc6864.dll) error: The specified module could not be found.
Loading processor module D:\Dev\Crack\IDA\procs\pc.dll for metapc...OK
Loading type libraries...
Autoanalysis subsystem has been initialized.
Database for file 'Z.DAT' has been loaded.
Hex-Rays Decompiler plugin has been loaded (v9.2.0.250908)
  The hotkeys are F5: decompile, Ctrl-F5: decompile all.

  Please check the Edit/Plugins menu for more information.
Hex-rays version 9.2.0.250908 has been detected, gooMBA plugin ready to use
20D35: restored microcode from idb
20D35: restored pseudocode from idb
2399E: restored microcode from idb
2399E: restored pseudocode from idb
23AA6: restored microcode from idb
23AA6: restored pseudocode from idb
23B3E: restored microcode from idb
23B3E: restored pseudocode from idb
23C98: restored microcode from idb
23C98: restored pseudocode from idb
23F28: restored microcode from idb
23F28: restored pseudocode from idb
247DD: restored microcode from idb
247DD: restored pseudocode from idb
24C23: restored microcode from idb
24C23: restored pseudocode from idb
24F8C: restored microcode from idb
24F8C: restored pseudocode from idb
2558B: restored microcode from idb
2558B: restored pseudocode from idb
3D612: restored microcode from idb
3D612: restored pseudocode from idb
3D643: restored microcode from idb
3D643: restored pseudocode from idb
OPENLEGEND_IDA_B6_REPORT=E:\Game\金庸群~1\OPENLE~1\research\ida\reports\Z_DAT.b6_world_xrefs.txt
Flushing buffers, please wait...ok
Unloading IDP module D:\Dev\Crack\IDA\procs\pc.dll...
  bytes   pages size description
--------- ----- ---- --------------------------------------------
  2326528   284 8192 allocating memory for b-tree...
  4120576   503 8192 allocating memory for virtual array...
   262144    32 8192 allocating memory for name pointers...
-----------------------------------------------------------------
  6709248            total memory allocated


LoadLibrary(D:\Dev\Crack\IDA\procs\mc6864.dll) error: The specified module could not be found.
Loading processor module D:\Dev\Crack\IDA\procs\pc.dll for metapc...OK
Loading type libraries...
Autoanalysis subsystem has been initialized.
Database for file 'Z.DAT' has been loaded.
Hex-Rays Decompiler plugin has been loaded (v9.2.0.250908)
  The hotkeys are F5: decompile, Ctrl-F5: decompile all.

  Please check the Edit/Plugins menu for more information.
Hex-rays version 9.2.0.250908 has been detected, gooMBA plugin ready to use
20D35: restored microcode from idb
20D35: restored pseudocode from idb
2399E: restored microcode from idb
2399E: restored pseudocode from idb
23AA6: restored microcode from idb
23AA6: restored pseudocode from idb
23B3E: restored microcode from idb
23B3E: restored pseudocode from idb
23C98: restored microcode from idb
23C98: restored pseudocode from idb
23F28: restored microcode from idb
23F28: restored pseudocode from idb
247DD: restored microcode from idb
247DD: restored pseudocode from idb
24C23: restored microcode from idb
24C23: restored pseudocode from idb
24F8C: restored microcode from idb
24F8C: restored pseudocode from idb
2558B: restored microcode from idb
2558B: restored pseudocode from idb
3D612: restored microcode from idb
3D612: restored pseudocode from idb
3D643: restored microcode from idb
3D643: restored pseudocode from idb
OPENLEGEND_IDA_B6_REPORT=E:\Game\金庸群~1\OPENLE~1\research\ida\reports\Z_DAT.b6_world_xrefs.txt
Flushing buffers, please wait...ok
Unloading IDP module D:\Dev\Crack\IDA\procs\pc.dll...
  bytes   pages size description
--------- ----- ---- --------------------------------------------
  2326528   284 8192 allocating memory for b-tree...
  4120576   503 8192 allocating memory for virtual array...
   262144    32 8192 allocating memory for name pointers...
-----------------------------------------------------------------
  6709248            total memory allocated


LoadLibrary(D:\Dev\Crack\IDA\procs\mc6864.dll) error: The specified module could not be found.
Loading processor module D:\Dev\Crack\IDA\procs\pc.dll for metapc...OK
Loading type libraries...
Autoanalysis subsystem has been initialized.
Database for file 'Z.DAT' has been loaded.
Hex-Rays Decompiler plugin has been loaded (v9.2.0.250908)
  The hotkeys are F5: decompile, Ctrl-F5: decompile all.

  Please check the Edit/Plugins menu for more information.
Hex-rays version 9.2.0.250908 has been detected, gooMBA plugin ready to use
20D35: restored microcode from idb
20D35: restored pseudocode from idb
2399E: restored microcode from idb
2399E: restored pseudocode from idb
23AA6: restored microcode from idb
23AA6: restored pseudocode from idb
23B3E: restored microcode from idb
23B3E: restored pseudocode from idb
23C98: restored microcode from idb
23C98: restored pseudocode from idb
23F28: restored microcode from idb
23F28: restored pseudocode from idb
247DD: restored microcode from idb
247DD: restored pseudocode from idb
24C23: restored microcode from idb
24C23: restored pseudocode from idb
24F8C: restored microcode from idb
24F8C: restored pseudocode from idb
2558B: restored microcode from idb
2558B: restored pseudocode from idb
3D612: restored microcode from idb
3D612: restored pseudocode from idb
3D643: restored microcode from idb
3D643: restored pseudocode from idb
OPENLEGEND_IDA_B6_REPORT=E:\Game\金庸群~1\OPENLE~1\research\ida\reports\Z_DAT.b6_world_xrefs.txt
Flushing buffers, please wait...ok
Unloading IDP module D:\Dev\Crack\IDA\procs\pc.dll...
  bytes   pages size description
--------- ----- ---- --------------------------------------------
  2326528   284 8192 allocating memory for b-tree...
  4120576   503 8192 allocating memory for virtual array...
   262144    32 8192 allocating memory for name pointers...
-----------------------------------------------------------------
  6709248            total memory allocated


LoadLibrary(D:\Dev\Crack\IDA\procs\mc6864.dll) error: The specified module could not be found.
Loading processor module D:\Dev\Crack\IDA\procs\pc.dll for metapc...OK
Loading type libraries...
Autoanalysis subsystem has been initialized.
Database for file 'Z.DAT' has been loaded.
Hex-Rays Decompiler plugin has been loaded (v9.2.0.250908)
  The hotkeys are F5: decompile, Ctrl-F5: decompile all.

  Please check the Edit/Plugins menu for more information.
Hex-rays version 9.2.0.250908 has been detected, gooMBA plugin ready to use
20D35: restored microcode from idb
20D35: restored pseudocode from idb
2399E: restored microcode from idb
2399E: restored pseudocode from idb
23AA6: restored microcode from idb
23AA6: restored pseudocode from idb
23B3E: restored microcode from idb
23B3E: restored pseudocode from idb
23C98: restored microcode from idb
23C98: restored pseudocode from idb
23F28: restored microcode from idb
23F28: restored pseudocode from idb
247DD: restored microcode from idb
247DD: restored pseudocode from idb
24C23: restored microcode from idb
24C23: restored pseudocode from idb
24F8C: restored microcode from idb
24F8C: restored pseudocode from idb
2558B: restored microcode from idb
2558B: restored pseudocode from idb
3D612: restored microcode from idb
3D612: restored pseudocode from idb
3D643: restored microcode from idb
3D643: restored pseudocode from idb
OPENLEGEND_IDA_B6_REPORT=E:\Game\金庸群~1\OPENLE~1\research\ida\reports\Z_DAT.b6_world_xrefs.txt
Flushing buffers, please wait...ok
Unloading IDP module D:\Dev\Crack\IDA\procs\pc.dll...
  bytes   pages size description
--------- ----- ---- --------------------------------------------
  2326528   284 8192 allocating memory for b-tree...
  4120576   503 8192 allocating memory for virtual array...
   262144    32 8192 allocating memory for name pointers...
-----------------------------------------------------------------
  6709248            total memory allocated


LoadLibrary(D:\Dev\Crack\IDA\procs\mc6864.dll) error: The specified module could not be found.
Loading processor module D:\Dev\Crack\IDA\procs\pc.dll for metapc...OK
Loading type libraries...
Autoanalysis subsystem has been initialized.
Database for file 'Z.DAT' has been loaded.
Hex-Rays Decompiler plugin has been loaded (v9.2.0.250908)
  The hotkeys are F5: decompile, Ctrl-F5: decompile all.

  Please check the Edit/Plugins menu for more information.
Hex-rays version 9.2.0.250908 has been detected, gooMBA plugin ready to use
20D35: restored microcode from idb
20D35: restored pseudocode from idb
2399E: restored microcode from idb
2399E: restored pseudocode from idb
23AA6: restored microcode from idb
23AA6: restored pseudocode from idb
23B3E: restored microcode from idb
23B3E: restored pseudocode from idb
23C98: restored microcode from idb
23C98: restored pseudocode from idb
23F28: restored microcode from idb
23F28: restored pseudocode from idb
247DD: restored microcode from idb
247DD: restored pseudocode from idb
24C23: restored microcode from idb
24C23: restored pseudocode from idb
24F8C: restored microcode from idb
24F8C: restored pseudocode from idb
2558B: restored microcode from idb
2558B: restored pseudocode from idb
3D612: restored microcode from idb
3D612: restored pseudocode from idb
3D643: restored microcode from idb
3D643: restored pseudocode from idb
OPENLEGEND_IDA_B6_REPORT=E:\Game\金庸群~1\OPENLE~1\research\ida\reports\Z_DAT.b6_world_xrefs.txt
Flushing buffers, please wait...ok
Unloading IDP module D:\Dev\Crack\IDA\procs\pc.dll...
  bytes   pages size description
--------- ----- ---- --------------------------------------------
  2326528   284 8192 allocating memory for b-tree...
  4120576   503 8192 allocating memory for virtual array...
   262144    32 8192 allocating memory for name pointers...
-----------------------------------------------------------------
  6709248            total memory allocated


LoadLibrary(D:\Dev\Crack\IDA\procs\mc6864.dll) error: The specified module could not be found.
Loading processor module D:\Dev\Crack\IDA\procs\pc.dll for metapc...OK
Loading type libraries...
Autoanalysis subsystem has been initialized.
Database for file 'Z.DAT' has been loaded.
Hex-Rays Decompiler plugin has been loaded (v9.2.0.250908)
  The hotkeys are F5: decompile, Ctrl-F5: decompile all.

  Please check the Edit/Plugins menu for more information.
Hex-rays version 9.2.0.250908 has been detected, gooMBA plugin ready to use
20D35: restored microcode from idb
20D35: restored pseudocode from idb
2399E: restored microcode from idb
2399E: restored pseudocode from idb
23AA6: restored microcode from idb
23AA6: restored pseudocode from idb
23B3E: restored microcode from idb
23B3E: restored pseudocode from idb
23C98: restored microcode from idb
23C98: restored pseudocode from idb
23F28: restored microcode from idb
23F28: restored pseudocode from idb
247DD: restored microcode from idb
247DD: restored pseudocode from idb
24C23: restored microcode from idb
24C23: restored pseudocode from idb
24F8C: restored microcode from idb
24F8C: restored pseudocode from idb
2558B: restored microcode from idb
2558B: restored pseudocode from idb
3D612: restored microcode from idb
3D612: restored pseudocode from idb
3D643: restored microcode from idb
3D643: restored pseudocode from idb
OPENLEGEND_IDA_B6_REPORT=E:\Game\金庸群~1\OPENLE~1\research\ida\reports\Z_DAT.b6_world_xrefs.txt
Flushing buffers, please wait...ok
Unloading IDP module D:\Dev\Crack\IDA\procs\pc.dll...